Archive member included to satisfy reference by file (symbol)

c:/st/stm32cubeide_1.7.0/stm32cubeide/plugins/com.st.stm32cube.ide.mcu.externaltools.gnu-tools-for-stm32.9-2020-q2-update.win32_2.0.0.202105311346/tools/bin/../lib/gcc/arm-none-eabi/9.3.1/../../../../arm-none-eabi/lib/thumb/v7-m/nofp\libc_nano.a(lib_a-errno.o)
                              ./Core/Src/syscalls.o (__errno)
c:/st/stm32cubeide_1.7.0/stm32cubeide/plugins/com.st.stm32cube.ide.mcu.externaltools.gnu-tools-for-stm32.9-2020-q2-update.win32_2.0.0.202105311346/tools/bin/../lib/gcc/arm-none-eabi/9.3.1/../../../../arm-none-eabi/lib/thumb/v7-m/nofp\libc_nano.a(lib_a-exit.o)
                              c:/st/stm32cubeide_1.7.0/stm32cubeide/plugins/com.st.stm32cube.ide.mcu.externaltools.gnu-tools-for-stm32.9-2020-q2-update.win32_2.0.0.202105311346/tools/bin/../lib/gcc/arm-none-eabi/9.3.1/../../../../arm-none-eabi/lib/thumb/v7-m/nofp/crt0.o (exit)
c:/st/stm32cubeide_1.7.0/stm32cubeide/plugins/com.st.stm32cube.ide.mcu.externaltools.gnu-tools-for-stm32.9-2020-q2-update.win32_2.0.0.202105311346/tools/bin/../lib/gcc/arm-none-eabi/9.3.1/../../../../arm-none-eabi/lib/thumb/v7-m/nofp\libc_nano.a(lib_a-impure.o)
                              c:/st/stm32cubeide_1.7.0/stm32cubeide/plugins/com.st.stm32cube.ide.mcu.externaltools.gnu-tools-for-stm32.9-2020-q2-update.win32_2.0.0.202105311346/tools/bin/../lib/gcc/arm-none-eabi/9.3.1/../../../../arm-none-eabi/lib/thumb/v7-m/nofp\libc_nano.a(lib_a-exit.o) (_global_impure_ptr)
c:/st/stm32cubeide_1.7.0/stm32cubeide/plugins/com.st.stm32cube.ide.mcu.externaltools.gnu-tools-for-stm32.9-2020-q2-update.win32_2.0.0.202105311346/tools/bin/../lib/gcc/arm-none-eabi/9.3.1/../../../../arm-none-eabi/lib/thumb/v7-m/nofp\libc_nano.a(lib_a-init.o)
                              c:/st/stm32cubeide_1.7.0/stm32cubeide/plugins/com.st.stm32cube.ide.mcu.externaltools.gnu-tools-for-stm32.9-2020-q2-update.win32_2.0.0.202105311346/tools/bin/../lib/gcc/arm-none-eabi/9.3.1/../../../../arm-none-eabi/lib/thumb/v7-m/nofp/crt0.o (__libc_init_array)
c:/st/stm32cubeide_1.7.0/stm32cubeide/plugins/com.st.stm32cube.ide.mcu.externaltools.gnu-tools-for-stm32.9-2020-q2-update.win32_2.0.0.202105311346/tools/bin/../lib/gcc/arm-none-eabi/9.3.1/../../../../arm-none-eabi/lib/thumb/v7-m/nofp\libc_nano.a(lib_a-malloc.o)
                              ./Core/Src/scheduler.o (malloc)
c:/st/stm32cubeide_1.7.0/stm32cubeide/plugins/com.st.stm32cube.ide.mcu.externaltools.gnu-tools-for-stm32.9-2020-q2-update.win32_2.0.0.202105311346/tools/bin/../lib/gcc/arm-none-eabi/9.3.1/../../../../arm-none-eabi/lib/thumb/v7-m/nofp\libc_nano.a(lib_a-memset.o)
                              c:/st/stm32cubeide_1.7.0/stm32cubeide/plugins/com.st.stm32cube.ide.mcu.externaltools.gnu-tools-for-stm32.9-2020-q2-update.win32_2.0.0.202105311346/tools/bin/../lib/gcc/arm-none-eabi/9.3.1/../../../../arm-none-eabi/lib/thumb/v7-m/nofp/crt0.o (memset)
c:/st/stm32cubeide_1.7.0/stm32cubeide/plugins/com.st.stm32cube.ide.mcu.externaltools.gnu-tools-for-stm32.9-2020-q2-update.win32_2.0.0.202105311346/tools/bin/../lib/gcc/arm-none-eabi/9.3.1/../../../../arm-none-eabi/lib/thumb/v7-m/nofp\libc_nano.a(lib_a-nano-freer.o)
                              c:/st/stm32cubeide_1.7.0/stm32cubeide/plugins/com.st.stm32cube.ide.mcu.externaltools.gnu-tools-for-stm32.9-2020-q2-update.win32_2.0.0.202105311346/tools/bin/../lib/gcc/arm-none-eabi/9.3.1/../../../../arm-none-eabi/lib/thumb/v7-m/nofp\libc_nano.a(lib_a-malloc.o) (_free_r)
c:/st/stm32cubeide_1.7.0/stm32cubeide/plugins/com.st.stm32cube.ide.mcu.externaltools.gnu-tools-for-stm32.9-2020-q2-update.win32_2.0.0.202105311346/tools/bin/../lib/gcc/arm-none-eabi/9.3.1/../../../../arm-none-eabi/lib/thumb/v7-m/nofp\libc_nano.a(lib_a-nano-mallocr.o)
                              c:/st/stm32cubeide_1.7.0/stm32cubeide/plugins/com.st.stm32cube.ide.mcu.externaltools.gnu-tools-for-stm32.9-2020-q2-update.win32_2.0.0.202105311346/tools/bin/../lib/gcc/arm-none-eabi/9.3.1/../../../../arm-none-eabi/lib/thumb/v7-m/nofp\libc_nano.a(lib_a-malloc.o) (_malloc_r)
c:/st/stm32cubeide_1.7.0/stm32cubeide/plugins/com.st.stm32cube.ide.mcu.externaltools.gnu-tools-for-stm32.9-2020-q2-update.win32_2.0.0.202105311346/tools/bin/../lib/gcc/arm-none-eabi/9.3.1/../../../../arm-none-eabi/lib/thumb/v7-m/nofp\libc_nano.a(lib_a-sbrkr.o)
                              c:/st/stm32cubeide_1.7.0/stm32cubeide/plugins/com.st.stm32cube.ide.mcu.externaltools.gnu-tools-for-stm32.9-2020-q2-update.win32_2.0.0.202105311346/tools/bin/../lib/gcc/arm-none-eabi/9.3.1/../../../../arm-none-eabi/lib/thumb/v7-m/nofp\libc_nano.a(lib_a-nano-mallocr.o) (_sbrk_r)
c:/st/stm32cubeide_1.7.0/stm32cubeide/plugins/com.st.stm32cube.ide.mcu.externaltools.gnu-tools-for-stm32.9-2020-q2-update.win32_2.0.0.202105311346/tools/bin/../lib/gcc/arm-none-eabi/9.3.1/../../../../arm-none-eabi/lib/thumb/v7-m/nofp\libc_nano.a(lib_a-mlock.o)
[...]
Memory Configuration

Name             Origin             Length             Attributes
RAM              0x0000000020000000 0x0000000000002800 xrw
FLASH            0x0000000008000000 0x0000000000008000 xr
*default*        0x0000000000000000 0xffffffffffffffff

Linker script and memory map

LOAD c:/st/stm32cubeide_1.7.0/stm32cubeide/plugins/com.st.stm32cube.ide.mcu.externaltools.gnu-tools-for-stm32.9-2020-q2-update.win32_2.0.0.202105311346/tools/bin/../lib/gcc/arm-none-eabi/9.3.1/thumb/v7-m/nofp/crti.o
LOAD c:/st/stm32cubeide_1.7.0/stm32cubeide/plugins/com.st.stm32cube.ide.mcu.externaltools.gnu-tools-for-stm32.9-2020-q2-update.win32_2.0.0.202105311346/tools/bin/../lib/gcc/arm-none-eabi/9.3.1/thumb/v7-m/nofp/crtbegin.o
LOAD c:/st/stm32cubeide_1.7.0/stm32cubeide/plugins/com.st.stm32cube.ide.mcu.externaltools.gnu-tools-for-stm32.9-2020-q2-update.win32_2.0.0.202105311346/tools/bin/../lib/gcc/arm-none-eabi/9.3.1/../../../../arm-none-eabi/lib/thumb/v7-m/nofp/crt0.o
LOAD ./Core/Src/button.o
LOAD ./Core/Src/fsm_automatic.o
LOAD ./Core/Src/fsm_manual.o
LOAD ./Core/Src/fsm_setting.o
LOAD ./Core/Src/global.o
LOAD ./Core/Src/led7_segment.o
LOAD ./Core/Src/main.o
LOAD ./Core/Src/scheduler.o
LOAD ./Core/Src/software_timer.o
LOAD ./Core/Src/stm32f1xx_hal_msp.o
LOAD ./Core/Src/stm32f1xx_it.o
LOAD ./Core/Src/syscalls.o
LOAD ./Core/Src/sysmem.o
LOAD ./Core/Src/system_stm32f1xx.o
LOAD ./Core/Src/testled.o
LOAD ./Core/Src/traffic_light.o
LOAD ./Core/Startup/startup_stm32f103c6ux.o
LOAD ./Drivers/STM32F1xx_HAL_Driver/Src/stm32f1xx_hal.o
LOAD ./Drivers/STM32F1xx_HAL_Driver/Src/stm32f1xx_hal_cortex.o
LOAD ./Drivers/STM32F1xx_HAL_Driver/Src/stm32f1xx_hal_dma.o
LOAD ./Drivers/STM32F1xx_HAL_Driver/Src/stm32f1xx_hal_exti.o
LOAD ./Drivers/STM32F1xx_HAL_Driver/Src/stm32f1xx_hal_flash.o
LOAD ./Drivers/STM32F1xx_HAL_Driver/Src/stm32f1xx_hal_flash_ex.o
LOAD ./Drivers/STM32F1xx_HAL_Driver/Src/stm32f1xx_hal_gpio.o
LOAD ./Drivers/STM32F1xx_HAL_Driver/Src/stm32f1xx_hal_gpio_ex.o
LOAD ./Drivers/STM32F1xx_HAL_Driver/Src/stm32f1xx_hal_pwr.o
LOAD ./Drivers/STM32F1xx_HAL_Driver/Src/stm32f1xx_hal_rcc.o
LOAD ./Drivers/STM32F1xx_HAL_Driver/Src/stm32f1xx_hal_rcc_ex.o
LOAD ./Drivers/STM32F1xx_HAL_Driver/Src/stm32f1xx_hal_tim.o
LOAD ./Drivers/STM32F1xx_HAL_Driver/Src/stm32f1xx_hal_tim_ex.o
START GROUP
LOAD c:/st/stm32cubeide_1.7.0/stm32cubeide/plugins/com.st.stm32cube.ide.mcu.externaltools.gnu-tools-for-stm32.9-2020-q2-update.win32_2.0.0.202105311346/tools/bin/../lib/gcc/arm-none-eabi/9.3.1/../../../../arm-none-eabi/lib/thumb/v7-m/nofp\libc_nano.a
LOAD c:/st/stm32cubeide_1.7.0/stm32cubeide/plugins/com.st.stm32cube.ide.mcu.externaltools.gnu-tools-for-stm32.9-2020-q2-update.win32_2.0.0.202105311346/tools/bin/../lib/gcc/arm-none-eabi/9.3.1/../../../../arm-none-eabi/lib/thumb/v7-m/nofp\libm.a
END GROUP
START GROUP
LOAD c:/st/stm32cubeide_1.7.0/stm32cubeide/plugins/com.st.stm32cube.ide.mcu.externaltools.gnu-tools-for-stm32.9-2020-q2-update.win32_2.0.0.202105311346/tools/bin/../lib/gcc/arm-none-eabi/9.3.1/thumb/v7-m/nofp\libgcc.a
LOAD c:/st/stm32cubeide_1.7.0/stm32cubeide/plugins/com.st.stm32cube.ide.mcu.externaltools.gnu-tools-for-stm32.9-2020-q2-update.win32_2.0.0.202105311346/tools/bin/../lib/gcc/arm-none-eabi/9.3.1/../../../../arm-none-eabi/lib/thumb/v7-m/nofp\libc_nano.a
END GROUP
START GROUP
LOAD c:/st/stm32cubeide_1.7.0/stm32cubeide/plugins/com.st.stm32cube.ide.mcu.externaltools.gnu-tools-for-stm32.9-2020-q2-update.win32_2.0.0.202105311346/tools/bin/../lib/gcc/arm-none-eabi/9.3.1/thumb/v7-m/nofp\libgcc.a
LOAD c:/st/stm32cubeide_1.7.0/stm32cubeide/plugins/com.st.stm32cube.ide.mcu.externaltools.gnu-tools-for-stm32.9-2020-q2-update.win32_2.0.0.202105311346/tools/bin/../lib/gcc/arm-none-eabi/9.3.1/../../../../arm-none-eabi/lib/thumb/v7-m/nofp\libc_nano.a
LOAD c:/st/stm32cubeide_1.7.0/stm32cubeide/plugins/com.st.stm32cube.ide.mcu.externaltools.gnu-tools-for-stm32.9-2020-q2-update.win32_2.0.0.202105311346/tools/bin/../lib/gcc/arm-none-eabi/9.3.1/../../../../arm-none-eabi/lib/thumb/v7-m/nofp\libnosys.a
END GROUP
START GROUP
LOAD c:/st/stm32cubeide_1.7.0/stm32cubeide/plugins/com.st.stm32cube.ide.mcu.externaltools.gnu-tools-for-stm32.9-2020-q2-update.win32_2.0.0.202105311346/tools/bin/../lib/gcc/arm-none-eabi/9.3.1/thumb/v7-m/nofp\libgcc.a
LOAD c:/st/stm32cubeide_1.7.0/stm32cubeide/plugins/com.st.stm32cube.ide.mcu.externaltools.gnu-tools-for-stm32.9-2020-q2-update.win32_2.0.0.202105311346/tools/bin/../lib/gcc/arm-none-eabi/9.3.1/../../../../arm-none-eabi/lib/thumb/v7-m/nofp\libc_nano.a
LOAD c:/st/stm32cubeide_1.7.0/stm32cubeide/plugins/com.st.stm32cube.ide.mcu.externaltools.gnu-tools-for-stm32.9-2020-q2-update.win32_2.0.0.202105311346/tools/bin/../lib/gcc/arm-none-eabi/9.3.1/../../../../arm-none-eabi/lib/thumb/v7-m/nofp\libnosys.a
END GROUP
LOAD c:/st/stm32cubeide_1.7.0/stm32cubeide/plugins/com.st.stm32cube.ide.mcu.externaltools.gnu-tools-for-stm32.9-2020-q2-update.win32_2.0.0.202105311346/tools/bin/../lib/gcc/arm-none-eabi/9.3.1/thumb/v7-m/nofp/crtend.o
LOAD c:/st/stm32cubeide_1.7.0/stm32cubeide/plugins/com.st.stm32cube.ide.mcu.externaltools.gnu-tools-for-stm32.9-2020-q2-update.win32_2.0.0.202105311346/tools/bin/../lib/gcc/arm-none-eabi/9.3.1/thumb/v7-m/nofp/crtn.o
                0x0000000020002800                _estack = (ORIGIN (RAM) + LENGTH (RAM))
                0x0000000000000200                _Min_Heap_Size = 0x200
                0x0000000000000400                _Min_Stack_Size = 0x400

.isr_vector     0x0000000008000000      0x10c
                0x0000000008000000                . = ALIGN (0x4)
 *(.isr_vector)
 .isr_vector    0x0000000008000000      0x10c ./Core/Startup/startup_stm32f103c6ux.o
                0x0000000008000000                g_pfnVectors
                0x000000000800010c                . = ALIGN (0x4)

.text           0x000000000800010c     0x370c
                0x000000000800010c                . = ALIGN (0x4)
 *(.text)
 .text          0x000000000800010c       0x40 c:/st/stm32cubeide_1.7.0/stm32cubeide/plugins/com.st.stm32cube.ide.mcu.externaltools.gnu-tools-for-stm32.9-2020-q2-update.win32_2.0.0.202105311346/tools/bin/../lib/gcc/arm-none-eabi/9.3.1/thumb/v7-m/nofp/crtbegin.o
 *(.text*)
 .text.readButton
                0x000000000800014c       0x58 ./Core/Src/button.o
                0x000000000800014c                readButton
 .text.isButtonPressed
                0x00000000080001a4       0x34 ./Core/Src/button.o
                0x00000000080001a4                isButtonPressed
 .text.getKeyInput
                0x00000000080001d8       0xf0 ./Core/Src/button.o
                0x00000000080001d8                getKeyInput
 .text.AllKeyInput
                0x00000000080002c8       0x28 ./Core/Src/button.o
                0x00000000080002c8                AllKeyInput
 .text.fsm_automatic_run1
                0x00000000080002f0      0x16c ./Core/Src/fsm_automatic.o
                0x00000000080002f0                fsm_automatic_run1
 .text.fsm_automatic_run2
                0x000000000800045c      0x16c ./Core/Src/fsm_automatic.o
                0x000000000800045c                fsm_automatic_run2
 .text.fsm_manual_run
                0x00000000080005c8      0x510 ./Core/Src/fsm_manual.o
                0x00000000080005c8                fsm_manual_run
 .text.InitAll  0x0000000008000ad8       0x40 ./Core/Src/fsm_setting.o
                0x0000000008000ad8                InitAll
 .text.display7Seg0
                0x0000000008000b18      0x21c ./Core/Src/led7_segment.o
                0x0000000008000b18                display7Seg0
 .text.display7Seg1
                0x0000000008000d34      0x21c ./Core/Src/led7_segment.o
                0x0000000008000d34                display7Seg1
 .text.display7Seg2
                0x0000000008000f50      0x274 ./Core/Src/led7_segment.o
                0x0000000008000f50                display7Seg2
 .text.display7Seg3
                0x00000000080011c4      0x274 ./Core/Src/led7_segment.o
                0x00000000080011c4                display7Seg3
 .text.animation1
                0x0000000008001438       0xd0 ./Core/Src/led7_segment.o
                0x0000000008001438                animation1
 .text.animation2
                0x0000000008001508       0xd0 ./Core/Src/led7_segment.o
                0x0000000008001508                animation2
 .text.setCountDown7Seg0
                0x00000000080015d8       0x84 ./Core/Src/led7_segment.o
                0x00000000080015d8                setCountDown7Seg0
 .text.setCountDown7Seg1
                0x000000000800165c       0x84 ./Core/Src/led7_segment.o
                0x000000000800165c                setCountDown7Seg1
 .text.runCountDown7Seg0
                0x00000000080016e0       0x94 ./Core/Src/led7_segment.o
                0x00000000080016e0                runCountDown7Seg0
 .text.runCountDown7Seg1
                0x0000000008001774       0x90 ./Core/Src/led7_segment.o
                0x0000000008001774                runCountDown7Seg1
 .text.main     0x0000000008001804       0x60 ./Core/Src/main.o
                0x0000000008001804                main
 .text.SystemClock_Config
                0x0000000008001864       0x76 ./Core/Src/main.o
                0x0000000008001864                SystemClock_Config
 *fill*         0x00000000080018da        0x2 
 .text.MX_TIM2_Init
                0x00000000080018dc       0x98 ./Core/Src/main.o
 .text.MX_GPIO_Init
                0x0000000008001974       0xc8 ./Core/Src/main.o
 .text.HAL_TIM_PeriodElapsedCallback
                0x0000000008001a3c       0x14 ./Core/Src/main.o
                0x0000000008001a3c                HAL_TIM_PeriodElapsedCallback
 .text.Error_Handler
                0x0000000008001a50        0xa ./Core/Src/main.o
                0x0000000008001a50                Error_Handler
 *fill*         0x0000000008001a5a        0x2 
 .text.SCH_Init
                0x0000000008001a5c       0x24 ./Core/Src/scheduler.o
                0x0000000008001a5c                SCH_Init
 .text.SCH_Update
                0x0000000008001a80       0x40 ./Core/Src/scheduler.o
                0x0000000008001a80                SCH_Update
 .text.SCH_Add_Task
                0x0000000008001ac0      0x130 ./Core/Src/scheduler.o
                0x0000000008001ac0                SCH_Add_Task
 .text.SCH_Dispatch_Tasks
                0x0000000008001bf0       0x50 ./Core/Src/scheduler.o
                0x0000000008001bf0                SCH_Dispatch_Tasks
 .text.SCH_Delete_Task
                0x0000000008001c40       0xbc ./Core/Src/scheduler.o
                0x0000000008001c40                SCH_Delete_Task
 .text.setTimer
                0x0000000008001cfc       0x30 ./Core/Src/software_timer.o
                0x0000000008001cfc                setTimer
 .text.runTimer
                0x0000000008001d2c       0x50 ./Core/Src/software_timer.o
                0x0000000008001d2c                runTimer
 .text.AllTimer
                0x0000000008001d7c       0x28 ./Core/Src/software_timer.o
                0x0000000008001d7c                AllTimer
 .text.HAL_MspInit
                0x0000000008001da4       0x64 ./Core/Src/stm32f1xx_hal_msp.o
                0x0000000008001da4                HAL_MspInit
 .text.HAL_TIM_Base_MspInit
                0x0000000008001e08       0x48 ./Core/Src/stm32f1xx_hal_msp.o
                0x0000000008001e08                HAL_TIM_Base_MspInit
 .text.NMI_Handler
                0x0000000008001e50        0x6 ./Core/Src/stm32f1xx_it.o
                0x0000000008001e50                NMI_Handler
 .text.HardFault_Handler
                0x0000000008001e56        0x6 ./Core/Src/stm32f1xx_it.o
                0x0000000008001e56                HardFault_Handler
 .text.MemManage_Handler
                0x0000000008001e5c        0x6 ./Core/Src/stm32f1xx_it.o
                0x0000000008001e5c                MemManage_Handler
 .text.BusFault_Handler
                0x0000000008001e62        0x6 ./Core/Src/stm32f1xx_it.o
                0x0000000008001e62                BusFault_Handler
 .text.UsageFault_Handler
                0x0000000008001e68        0x6 ./Core/Src/stm32f1xx_it.o
                0x0000000008001e68                UsageFault_Handler
 .text.SVC_Handler
                0x0000000008001e6e        0xc ./Core/Src/stm32f1xx_it.o
                0x0000000008001e6e                SVC_Handler
 .text.DebugMon_Handler
                0x0000000008001e7a        0xc ./Core/Src/stm32f1xx_it.o
                0x0000000008001e7a                DebugMon_Handler
 .text.PendSV_Handler
                0x0000000008001e86        0xc ./Core/Src/stm32f1xx_it.o
                0x0000000008001e86                PendSV_Handler
 .text.SysTick_Handler
                0x0000000008001e92        0xc ./Core/Src/stm32f1xx_it.o
                0x0000000008001e92                SysTick_Handler
 *fill*         0x0000000008001e9e        0x2 
 .text.TIM2_IRQHandler
                0x0000000008001ea0       0x14 ./Core/Src/stm32f1xx_it.o
                0x0000000008001ea0                TIM2_IRQHandler
 .text._sbrk    0x0000000008001eb4       0x6c ./Core/Src/sysmem.o
                0x0000000008001eb4                _sbrk
 .text.SystemInit
                0x0000000008001f20        0xc ./Core/Src/system_stm32f1xx.o
                0x0000000008001f20                SystemInit
 .text.setRed1  0x0000000008001f2c       0x24 ./Core/Src/traffic_light.o
                0x0000000008001f2c                setRed1
 .text.setYellow1
                0x0000000008001f50       0x24 ./Core/Src/traffic_light.o
                0x0000000008001f50                setYellow1
 .text.setGreen1
                0x0000000008001f74       0x24 ./Core/Src/traffic_light.o
                0x0000000008001f74                setGreen1
 .text.setRed2  0x0000000008001f98       0x24 ./Core/Src/traffic_light.o
                0x0000000008001f98                setRed2
 .text.setYellow2
                0x0000000008001fbc       0x24 ./Core/Src/traffic_light.o
                0x0000000008001fbc                setYellow2
 .text.setGreen2
                0x0000000008001fe0       0x24 ./Core/Src/traffic_light.o
                0x0000000008001fe0                setGreen2
 .text.Reset_Handler
                0x0000000008002004       0x48 ./Core/Startup/startup_stm32f103c6ux.o
                0x0000000008002004                Reset_Handler
 .text.Default_Handler
                0x000000000800204c        0x2 ./Core/Startup/startup_stm32f103c6ux.o
                0x000000000800204c                RTC_Alarm_IRQHandler
                0x000000000800204c                EXTI2_IRQHandler
                0x000000000800204c                TIM1_CC_IRQHandler
                0x000000000800204c                PVD_IRQHandler
                0x000000000800204c                EXTI3_IRQHandler
                0x000000000800204c                EXTI0_IRQHandler
                0x000000000800204c                ADC1_2_IRQHandler
                0x000000000800204c                SPI1_IRQHandler
                0x000000000800204c                TAMPER_IRQHandler
                0x000000000800204c                DMA1_Channel4_IRQHandler
                0x000000000800204c                RTC_IRQHandler
                0x000000000800204c                DMA1_Channel7_IRQHandler
                0x000000000800204c                CAN1_RX1_IRQHandler
                0x000000000800204c                I2C1_EV_IRQHandler
                0x000000000800204c                DMA1_Channel6_IRQHandler
                0x000000000800204c                TIM3_IRQHandler
                0x000000000800204c                RCC_IRQHandler
                0x000000000800204c                TIM1_TRG_COM_IRQHandler
                0x000000000800204c                DMA1_Channel1_IRQHandler
                0x000000000800204c                Default_Handler
                0x000000000800204c                EXTI15_10_IRQHandler
                0x000000000800204c                EXTI9_5_IRQHandler
                0x000000000800204c                DMA1_Channel5_IRQHandler
                0x000000000800204c                EXTI4_IRQHandler
                0x000000000800204c                USB_LP_CAN1_RX0_IRQHandler
                0x000000000800204c                USB_HP_CAN1_TX_IRQHandler
                0x000000000800204c                DMA1_Channel3_IRQHandler
                0x000000000800204c                TIM1_UP_IRQHandler
                0x000000000800204c                WWDG_IRQHandler
                0x000000000800204c                TIM1_BRK_IRQHandler
                0x000000000800204c                EXTI1_IRQHandler
                0x000000000800204c                USART2_IRQHandler
                0x000000000800204c                DMA1_Channel2_IRQHandler
                0x000000000800204c                CAN1_SCE_IRQHandler
                0x000000000800204c                FLASH_IRQHandler
                0x000000000800204c                USART1_IRQHandler
                0x000000000800204c                I2C1_ER_IRQHandler
                0x000000000800204c                USBWakeUp_IRQHandler
 *fill*         0x000000000800204e        0x2 
 .text.HAL_Init
                0x0000000008002050       0x2c ./Drivers/STM32F1xx_HAL_Driver/Src/stm32f1xx_hal.o
                0x0000000008002050                HAL_Init
 .text.HAL_InitTick
                0x000000000800207c       0x60 ./Drivers/STM32F1xx_HAL_Driver/Src/stm32f1xx_hal.o
                0x000000000800207c                HAL_InitTick
 .text.HAL_IncTick
                0x00000000080020dc       0x24 ./Drivers/STM32F1xx_HAL_Driver/Src/stm32f1xx_hal.o
                0x00000000080020dc                HAL_IncTick
 .text.HAL_GetTick
                0x0000000008002100       0x14 ./Drivers/STM32F1xx_HAL_Driver/Src/stm32f1xx_hal.o
                0x0000000008002100                HAL_GetTick
 .text.__NVIC_SetPriorityGrouping
                0x0000000008002114       0x48 ./Drivers/STM32F1xx_HAL_Driver/Src/stm32f1xx_hal_cortex.o
 .text.__NVIC_GetPriorityGrouping
                0x000000000800215c       0x1c ./Drivers/STM32F1xx_HAL_Driver/Src/stm32f1xx_hal_cortex.o
 .text.__NVIC_EnableIRQ
                0x0000000008002178       0x38 ./Drivers/STM32F1xx_HAL_Driver/Src/stm32f1xx_hal_cortex.o
 .text.__NVIC_SetPriority
                0x00000000080021b0       0x54 ./Drivers/STM32F1xx_HAL_Driver/Src/stm32f1xx_hal_cortex.o
 .text.NVIC_EncodePriority
                0x0000000008002204       0x64 ./Drivers/STM32F1xx_HAL_Driver/Src/stm32f1xx_hal_cortex.o
 .text.SysTick_Config
                0x0000000008002268       0x44 ./Drivers/STM32F1xx_HAL_Driver/Src/stm32f1xx_hal_cortex.o
 .text.HAL_NVIC_SetPriorityGrouping
                0x00000000080022ac       0x16 ./Drivers/STM32F1xx_HAL_Driver/Src/stm32f1xx_hal_cortex.o
                0x00000000080022ac                HAL_NVIC_SetPriorityGrouping
 .text.HAL_NVIC_SetPriority
                0x00000000080022c2       0x38 ./Drivers/STM32F1xx_HAL_Driver/Src/stm32f1xx_hal_cortex.o
                0x00000000080022c2                HAL_NVIC_SetPriority
 .text.HAL_NVIC_EnableIRQ
                0x00000000080022fa       0x1c ./Drivers/STM32F1xx_HAL_Driver/Src/stm32f1xx_hal_cortex.o
                0x00000000080022fa                HAL_NVIC_EnableIRQ
 .text.HAL_SYSTICK_Config
                0x0000000008002316       0x18 ./Drivers/STM32F1xx_HAL_Driver/Src/stm32f1xx_hal_cortex.o
                0x0000000008002316                HAL_SYSTICK_Config
 *fill*         0x000000000800232e        0x2 
 .text.HAL_GPIO_Init
                0x0000000008002330      0x2f4 ./Drivers/STM32F1xx_HAL_Driver/Src/stm32f1xx_hal_gpio.o
                0x0000000008002330                HAL_GPIO_Init
 .text.HAL_GPIO_ReadPin
                0x0000000008002624       0x2e ./Drivers/STM32F1xx_HAL_Driver/Src/stm32f1xx_hal_gpio.o
                0x0000000008002624                HAL_GPIO_ReadPin
 .text.HAL_GPIO_WritePin
                0x0000000008002652       0x30 ./Drivers/STM32F1xx_HAL_Driver/Src/stm32f1xx_hal_gpio.o
                0x0000000008002652                HAL_GPIO_WritePin
 *fill*         0x0000000008002682        0x2 
 .text.HAL_RCC_OscConfig
                0x0000000008002684      0x500 ./Drivers/STM32F1xx_HAL_Driver/Src/stm32f1xx_hal_rcc.o
                0x0000000008002684                HAL_RCC_OscConfig
 .text.HAL_RCC_ClockConfig
                0x0000000008002b84      0x1d4 ./Drivers/STM32F1xx_HAL_Driver/Src/stm32f1xx_hal_rcc.o
                0x0000000008002b84                HAL_RCC_ClockConfig
 .text.HAL_RCC_GetSysClockFreq
                0x0000000008002d58       0xa8 ./Drivers/STM32F1xx_HAL_Driver/Src/stm32f1xx_hal_rcc.o
                0x0000000008002d58                HAL_RCC_GetSysClockFreq
 .text.RCC_Delay
                0x0000000008002e00       0x3c ./Drivers/STM32F1xx_HAL_Driver/Src/stm32f1xx_hal_rcc.o
 .text.HAL_TIM_Base_Init
                0x0000000008002e3c       0x9e ./Drivers/STM32F1xx_HAL_Driver/Src/stm32f1xx_hal_tim.o
                0x0000000008002e3c                HAL_TIM_Base_Init
 *fill*         0x0000000008002eda        0x2 
 .text.HAL_TIM_Base_Start_IT
                0x0000000008002edc       0x98 ./Drivers/STM32F1xx_HAL_Driver/Src/stm32f1xx_hal_tim.o
                0x0000000008002edc                HAL_TIM_Base_Start_IT
 .text.HAL_TIM_IRQHandler
                0x0000000008002f74      0x1e0 ./Drivers/STM32F1xx_HAL_Driver/Src/stm32f1xx_hal_tim.o
                0x0000000008002f74                HAL_TIM_IRQHandler
 .text.HAL_TIM_ConfigClockSource
                0x0000000008003154      0x18e ./Drivers/STM32F1xx_HAL_Driver/Src/stm32f1xx_hal_tim.o
                0x0000000008003154                HAL_TIM_ConfigClockSource
 .text.HAL_TIM_OC_DelayElapsedCallback
                0x00000000080032e2       0x12 ./Drivers/STM32F1xx_HAL_Driver/Src/stm32f1xx_hal_tim.o
                0x00000000080032e2                HAL_TIM_OC_DelayElapsedCallback
 .text.HAL_TIM_IC_CaptureCallback
                0x00000000080032f4       0x12 ./Drivers/STM32F1xx_HAL_Driver/Src/stm32f1xx_hal_tim.o
                0x00000000080032f4                HAL_TIM_IC_CaptureCallback
 .text.HAL_TIM_PWM_PulseFinishedCallback
                0x0000000008003306       0x12 ./Drivers/STM32F1xx_HAL_Driver/Src/stm32f1xx_hal_tim.o
                0x0000000008003306                HAL_TIM_PWM_PulseFinishedCallback
 .text.HAL_TIM_TriggerCallback
                0x0000000008003318       0x12 ./Drivers/STM32F1xx_HAL_Driver/Src/stm32f1xx_hal_tim.o
                0x0000000008003318                HAL_TIM_TriggerCallback
 *fill*         0x000000000800332a        0x2 
 .text.TIM_Base_SetConfig
                0x000000000800332c       0xc8 ./Drivers/STM32F1xx_HAL_Driver/Src/stm32f1xx_hal_tim.o
                0x000000000800332c                TIM_Base_SetConfig
 .text.TIM_TI1_ConfigInputStage
                0x00000000080033f4       0x5c ./Drivers/STM32F1xx_HAL_Driver/Src/stm32f1xx_hal_tim.o
 .text.TIM_TI2_ConfigInputStage
                0x0000000008003450       0x5e ./Drivers/STM32F1xx_HAL_Driver/Src/stm32f1xx_hal_tim.o
 .text.TIM_ITRx_SetConfig
                0x00000000080034ae       0x34 ./Drivers/STM32F1xx_HAL_Driver/Src/stm32f1xx_hal_tim.o
 .text.TIM_ETR_SetConfig
                0x00000000080034e2       0x3e ./Drivers/STM32F1xx_HAL_Driver/Src/stm32f1xx_hal_tim.o
                0x00000000080034e2                TIM_ETR_SetConfig
 .text.HAL_TIMEx_MasterConfigSynchronization
                0x0000000008003520       0xb0 ./Drivers/STM32F1xx_HAL_Driver/Src/stm32f1xx_hal_tim_ex.o
                0x0000000008003520                HAL_TIMEx_MasterConfigSynchronization
 .text.HAL_TIMEx_CommutCallback
                0x00000000080035d0       0x12 ./Drivers/STM32F1xx_HAL_Driver/Src/stm32f1xx_hal_tim_ex.o
                0x00000000080035d0                HAL_TIMEx_CommutCallback
 .text.HAL_TIMEx_BreakCallback
                0x00000000080035e2       0x12 ./Drivers/STM32F1xx_HAL_Driver/Src/stm32f1xx_hal_tim_ex.o
                0x00000000080035e2                HAL_TIMEx_BreakCallback
 .text.__errno  0x00000000080035f4        0xc c:/st/stm32cubeide_1.7.0/stm32cubeide/plugins/com.st.stm32cube.ide.mcu.externaltools.gnu-tools-for-stm32.9-2020-q2-update.win32_2.0.0.202105311346/tools/bin/../lib/gcc/arm-none-eabi/9.3.1/../../../../arm-none-eabi/lib/thumb/v7-m/nofp\libc_nano.a(lib_a-errno.o)
                0x00000000080035f4                __errno
 .text.__libc_init_array
                0x0000000008003600       0x48 c:/st/stm32cubeide_1.7.0/stm32cubeide/plugins/com.st.stm32cube.ide.mcu.externaltools.gnu-tools-for-stm32.9-2020-q2-update.win32_2.0.0.202105311346/tools/bin/../lib/gcc/arm-none-eabi/9.3.1/../../../../arm-none-eabi/lib/thumb/v7-m/nofp\libc_nano.a(lib_a-init.o)
                0x0000000008003600                __libc_init_array
 .text.malloc   0x0000000008003648       0x10 c:/st/stm32cubeide_1.7.0/stm32cubeide/plugins/com.st.stm32cube.ide.mcu.externaltools.gnu-tools-for-stm32.9-2020-q2-update.win32_2.0.0.202105311346/tools/bin/../lib/gcc/arm-none-eabi/9.3.1/../../../../arm-none-eabi/lib/thumb/v7-m/nofp\libc_nano.a(lib_a-malloc.o)
                0x0000000008003648                malloc
 .text.free     0x0000000008003658       0x10 c:/st/stm32cubeide_1.7.0/stm32cubeide/plugins/com.st.stm32cube.ide.mcu.externaltools.gnu-tools-for-stm32.9-2020-q2-update.win32_2.0.0.202105311346/tools/bin/../lib/gcc/arm-none-eabi/9.3.1/../../../../arm-none-eabi/lib/thumb/v7-m/nofp\libc_nano.a(lib_a-malloc.o)
                0x0000000008003658                free
 .text.memset   0x0000000008003668       0x10 c:/st/stm32cubeide_1.7.0/stm32cubeide/plugins/com.st.stm32cube.ide.mcu.externaltools.gnu-tools-for-stm32.9-2020-q2-update.win32_2.0.0.202105311346/tools/bin/../lib/gcc/arm-none-eabi/9.3.1/../../../../arm-none-eabi/lib/thumb/v7-m/nofp\libc_nano.a(lib_a-memset.o)
                0x0000000008003668                memset
 .text._free_r  0x0000000008003678       0x98 c:/st/stm32cubeide_1.7.0/stm32cubeide/plugins/com.st.stm32cube.ide.mcu.externaltools.gnu-tools-for-stm32.9-2020-q2-update.win32_2.0.0.202105311346/tools/bin/../lib/gcc/arm-none-eabi/9.3.1/../../../../arm-none-eabi/lib/thumb/v7-m/nofp\libc_nano.a(lib_a-nano-freer.o)
                0x0000000008003678                _free_r
 .text._malloc_r
                0x0000000008003710       0xb4 c:/st/stm32cubeide_1.7.0/stm32cubeide/plugins/com.st.stm32cube.ide.mcu.externaltools.gnu-tools-for-stm32.9-2020-q2-update.win32_2.0.0.202105311346/tools/bin/../lib/gcc/arm-none-eabi/9.3.1/../../../../arm-none-eabi/lib/thumb/v7-m/nofp\libc_nano.a(lib_a-nano-mallocr.o)
                0x0000000008003710                _malloc_r
 .text._sbrk_r  0x00000000080037c4       0x20 c:/st/stm32cubeide_1.7.0/stm32cubeide/plugins/com.st.stm32cube.ide.mcu.externaltools.gnu-tools-for-stm32.9-2020-q2-update.win32_2.0.0.202105311346/tools/bin/../lib/gcc/arm-none-eabi/9.3.1/../../../../arm-none-eabi/lib/thumb/v7-m/nofp\libc_nano.a(lib_a-sbrkr.o)
                0x00000000080037c4                _sbrk_r
 .text.__malloc_lock
                0x00000000080037e4        0xc c:/st/stm32cubeide_1.7.0/stm32cubeide/plugins/com.st.stm32cube.ide.mcu.externaltools.gnu-tools-for-stm32.9-2020-q2-update.win32_2.0.0.202105311346/tools/bin/../lib/gcc/arm-none-eabi/9.3.1/../../../../arm-none-eabi/lib/thumb/v7-m/nofp\libc_nano.a(lib_a-mlock.o)
                0x00000000080037e4                __malloc_lock
 .text.__malloc_unlock
                0x00000000080037f0        0xc c:/st/stm32cubeide_1.7.0/stm32cubeide/plugins/com.st.stm32cube.ide.mcu.externaltools.gnu-tools-for-stm32.9-2020-q2-update.win32_2.0.0.202105311346/tools/bin/../lib/gcc/arm-none-eabi/9.3.1/../../../../arm-none-eabi/lib/thumb/v7-m/nofp\libc_nano.a(lib_a-mlock.o)
                0x00000000080037f0                __malloc_unlock
 .text.__retarget_lock_acquire_recursive
                0x00000000080037fc        0x2 c:/st/stm32cubeide_1.7.0/stm32cubeide/plugins/com.st.stm32cube.ide.mcu.externaltools.gnu-tools-for-stm32.9-2020-q2-update.win32_2.0.0.202105311346/tools/bin/../lib/gcc/arm-none-eabi/9.3.1/../../../../arm-none-eabi/lib/thumb/v7-m/nofp\libc_nano.a(lib_a-lock.o)
                0x00000000080037fc                __retarget_lock_acquire_recursive
 .text.__retarget_lock_release_recursive
                0x00000000080037fe        0x2 c:/st/stm32cubeide_1.7.0/stm32cubeide/plugins/com.st.stm32cube.ide.mcu.externaltools.gnu-tools-for-stm32.9-2020-q2-update.win32_2.0.0.202105311346/tools/bin/../lib/gcc/arm-none-eabi/9.3.1/../../../../arm-none-eabi/lib/thumb/v7-m/nofp\libc_nano.a(lib_a-lock.o)
                0x00000000080037fe                __retarget_lock_release_recursive
 *(.glue_7)
 .glue_7        0x0000000008003800        0x0 linker stubs
 *(.glue_7t)
 .glue_7t       0x0000000008003800        0x0 linker stubs
 *(.eh_frame)
 .eh_frame      0x0000000008003800        0x0 c:/st/stm32cubeide_1.7.0/stm32cubeide/plugins/com.st.stm32cube.ide.mcu.externaltools.gnu-tools-for-stm32.9-2020-q2-update.win32_2.0.0.202105311346/tools/bin/../lib/gcc/arm-none-eabi/9.3.1/thumb/v7-m/nofp/crtbegin.o
 *(.init)
 .init          0x0000000008003800        0x4 c:/st/stm32cubeide_1.7.0/stm32cubeide/plugins/com.st.stm32cube.ide.mcu.externaltools.gnu-tools-for-stm32.9-2020-q2-update.win32_2.0.0.202105311346/tools/bin/../lib/gcc/arm-none-eabi/9.3.1/thumb/v7-m/nofp/crti.o
                0x0000000008003800                _init
 .init          0x0000000008003804        0x8 c:/st/stm32cubeide_1.7.0/stm32cubeide/plugins/com.st.stm32cube.ide.mcu.externaltools.gnu-tools-for-stm32.9-2020-q2-update.win32_2.0.0.202105311346/tools/bin/../lib/gcc/arm-none-eabi/9.3.1/thumb/v7-m/nofp/crtn.o
 *(.fini)
 .fini          0x000000000800380c        0x4 c:/st/stm32cubeide_1.7.0/stm32cubeide/plugins/com.st.stm32cube.ide.mcu.externaltools.gnu-tools-for-stm32.9-2020-q2-update.win32_2.0.0.202105311346/tools/bin/../lib/gcc/arm-none-eabi/9.3.1/thumb/v7-m/nofp/crti.o
                0x000000000800380c                _fini
 .fini          0x0000000008003810        0x8 c:/st/stm32cubeide_1.7.0/stm32cubeide/plugins/com.st.stm32cube.ide.mcu.externaltools.gnu-tools-for-stm32.9-2020-q2-update.win32_2.0.0.202105311346/tools/bin/../lib/gcc/arm-none-eabi/9.3.1/thumb/v7-m/nofp/crtn.o
                0x0000000008003818                . = ALIGN (0x4)
                0x0000000008003818                _etext = .

.vfp11_veneer   0x0000000008003818        0x0
 .vfp11_veneer  0x0000000008003818        0x0 linker stubs

.v4_bx          0x0000000008003818        0x0
 .v4_bx         0x0000000008003818        0x0 linker stubs

.iplt           0x0000000008003818        0x0
 .iplt          0x0000000008003818        0x0 c:/st/stm32cubeide_1.7.0/stm32cubeide/plugins/com.st.stm32cube.ide.mcu.externaltools.gnu-tools-for-stm32.9-2020-q2-update.win32_2.0.0.202105311346/tools/bin/../lib/gcc/arm-none-eabi/9.3.1/thumb/v7-m/nofp/crtbegin.o

.rodata         0x0000000008003818       0x24
                0x0000000008003818                . = ALIGN (0x4)
 *(.rodata)
 *(.rodata*)
 .rodata.AHBPrescTable
                0x0000000008003818       0x10 ./Core/Src/system_stm32f1xx.o
                0x0000000008003818                AHBPrescTable
 .rodata.aPLLMULFactorTable.6032
                0x0000000008003828       0x10 ./Drivers/STM32F1xx_HAL_Driver/Src/stm32f1xx_hal_rcc.o
 .rodata.aPredivFactorTable.6033
                0x0000000008003838        0x2 ./Drivers/STM32F1xx_HAL_Driver/Src/stm32f1xx_hal_rcc.o
                0x000000000800383c                . = ALIGN (0x4)
 *fill*         0x000000000800383a        0x2 

.rel.dyn        0x000000000800383c        0x0
 .rel.iplt      0x000000000800383c        0x0 c:/st/stm32cubeide_1.7.0/stm32cubeide/plugins/com.st.stm32cube.ide.mcu.externaltools.gnu-tools-for-stm32.9-2020-q2-update.win32_2.0.0.202105311346/tools/bin/../lib/gcc/arm-none-eabi/9.3.1/thumb/v7-m/nofp/crtbegin.o

.ARM.extab      0x000000000800383c        0x0
                0x000000000800383c                . = ALIGN (0x4)
 *(.ARM.extab* .gnu.linkonce.armextab.*)
                0x000000000800383c                . = ALIGN (0x4)

.ARM            0x000000000800383c        0x0
                0x000000000800383c                . = ALIGN (0x4)
                0x000000000800383c                __exidx_start = .
 *(.ARM.exidx*)
                0x000000000800383c                __exidx_end = .
                0x000000000800383c                . = ALIGN (0x4)

.preinit_array  0x000000000800383c        0x0
                0x000000000800383c                . = ALIGN (0x4)
                0x000000000800383c                PROVIDE (__preinit_array_start = .)
 *(.preinit_array*)
                0x000000000800383c                PROVIDE (__preinit_array_end = .)
                0x000000000800383c                . = ALIGN (0x4)

.init_array     0x000000000800383c        0x4
                0x000000000800383c                . = ALIGN (0x4)
                0x000000000800383c                PROVIDE (__init_array_start = .)
 *(SORT_BY_NAME(.init_array.*))
 *(.init_array*)
 .init_array    0x000000000800383c        0x4 c:/st/stm32cubeide_1.7.0/stm32cubeide/plugins/com.st.stm32cube.ide.mcu.externaltools.gnu-tools-for-stm32.9-2020-q2-update.win32_2.0.0.202105311346/tools/bin/../lib/gcc/arm-none-eabi/9.3.1/thumb/v7-m/nofp/crtbegin.o
                0x0000000008003840                PROVIDE (__init_array_end = .)
                0x0000000008003840                . = ALIGN (0x4)

.fini_array     0x0000000008003840        0x4
                0x0000000008003840                . = ALIGN (0x4)
                [!provide]                        PROVIDE (__fini_array_start = .)
 *(SORT_BY_NAME(.fini_array.*))
 *(.fini_array*)
 .fini_array    0x0000000008003840        0x4 c:/st/stm32cubeide_1.7.0/stm32cubeide/plugins/com.st.stm32cube.ide.mcu.externaltools.gnu-tools-for-stm32.9-2020-q2-update.win32_2.0.0.202105311346/tools/bin/../lib/gcc/arm-none-eabi/9.3.1/thumb/v7-m/nofp/crtbegin.o
                [!provide]                        PROVIDE (__fini_array_end = .)
                0x0000000008003844                . = ALIGN (0x4)
                0x0000000008003844                _sidata = LOADADDR (.data)

.data           0x0000000020000000       0xc0 load address 0x0000000008003844
                0x0000000020000000                . = ALIGN (0x4)
                0x0000000020000000                _sdata = .
 *(.data)
 *(.data*)
 .data.KeyReg0  0x0000000020000000        0xc ./Core/Src/button.o
                0x0000000020000000                KeyReg0
 .data.KeyReg1  0x000000002000000c        0xc ./Core/Src/button.o
                0x000000002000000c                KeyReg1
 .data.KeyReg2  0x0000000020000018        0xc ./Core/Src/button.o
                0x0000000020000018                KeyReg2
 .data.KeyReg3  0x0000000020000024        0xc ./Core/Src/button.o
                0x0000000020000024                KeyReg3
 .data.timeRedOn
                0x0000000020000030        0x4 ./Core/Src/global.o
                0x0000000020000030                timeRedOn
 .data.timeYellowOn
                0x0000000020000034        0x4 ./Core/Src/global.o
                0x0000000020000034                timeYellowOn
 .data.timeGreenOn
                0x0000000020000038        0x4 ./Core/Src/global.o
                0x0000000020000038                timeGreenOn
 .data.setTimeRed
                0x000000002000003c        0x4 ./Core/Src/global.o
                0x000000002000003c                setTimeRed
 .data.setTimeYellow
                0x0000000020000040        0x4 ./Core/Src/global.o
                0x0000000020000040                setTimeYellow
 .data.setTimeGreen
                0x0000000020000044        0x4 ./Core/Src/global.o
                0x0000000020000044                setTimeGreen
 .data.EN1      0x0000000020000048        0x4 ./Core/Src/global.o
                0x0000000020000048                EN1
 .data.EN3      0x000000002000004c        0x4 ./Core/Src/global.o
                0x000000002000004c                EN3
 .data.SystemCoreClock
                0x0000000020000050        0x4 ./Core/Src/system_stm32f1xx.o
                0x0000000020000050                SystemCoreClock
 .data.uwTickPrio
                0x0000000020000054        0x4 ./Drivers/STM32F1xx_HAL_Driver/Src/stm32f1xx_hal.o
                0x0000000020000054                uwTickPrio
 .data.uwTickFreq
                0x0000000020000058        0x1 ./Drivers/STM32F1xx_HAL_Driver/Src/stm32f1xx_hal.o
                0x0000000020000058                uwTickFreq
 *fill*         0x0000000020000059        0x3 
 .data._impure_ptr
                0x000000002000005c        0x4 c:/st/stm32cubeide_1.7.0/stm32cubeide/plugins/com.st.stm32cube.ide.mcu.externaltools.gnu-tools-for-stm32.9-2020-q2-update.win32_2.0.0.202105311346/tools/bin/../lib/gcc/arm-none-eabi/9.3.1/../../../../arm-none-eabi/lib/thumb/v7-m/nofp\libc_nano.a(lib_a-impure.o)
                0x000000002000005c                _impure_ptr
 .data.impure_data
                0x0000000020000060       0x60 c:/st/stm32cubeide_1.7.0/stm32cubeide/plugins/com.st.stm32cube.ide.mcu.externaltools.gnu-tools-for-stm32.9-2020-q2-update.win32_2.0.0.202105311346/tools/bin/../lib/gcc/arm-none-eabi/9.3.1/../../../../arm-none-eabi/lib/thumb/v7-m/nofp\libc_nano.a(lib_a-impure.o)
 *(.RamFunc)
 *(.RamFunc*)
                0x00000000200000c0                . = ALIGN (0x4)
                0x00000000200000c0                _edata = .

.igot.plt       0x00000000200000c0        0x0 load address 0x0000000008003904
 .igot.plt      0x00000000200000c0        0x0 c:/st/stm32cubeide_1.7.0/stm32cubeide/plugins/com.st.stm32cube.ide.mcu.externaltools.gnu-tools-for-stm32.9-2020-q2-update.win32_2.0.0.202105311346/tools/bin/../lib/gcc/arm-none-eabi/9.3.1/thumb/v7-m/nofp/crtbegin.o
                0x00000000200000c0                . = ALIGN (0x4)

.bss            0x00000000200000c0      0x114 load address 0x0000000008003904
                0x00000000200000c0                _sbss = .
                0x00000000200000c0                __bss_start__ = _sbss
 *(.bss)
 .bss           0x00000000200000c0       0x1c c:/st/stm32cubeide_1.7.0/stm32cubeide/plugins/com.st.stm32cube.ide.mcu.externaltools.gnu-tools-for-stm32.9-2020-q2-update.win32_2.0.0.202105311346/tools/bin/../lib/gcc/arm-none-eabi/9.3.1/thumb/v7-m/nofp/crtbegin.o
 *(.bss*)
 .bss.button_flag
                0x00000000200000dc        0xc ./Core/Src/button.o
                0x00000000200000dc                button_flag
 .bss.statusLed1
                0x00000000200000e8        0x4 ./Core/Src/global.o
                0x00000000200000e8                statusLed1
 .bss.statusLed2
                0x00000000200000ec        0x4 ./Core/Src/global.o
                0x00000000200000ec                statusLed2
 .bss.statusMode
                0x00000000200000f0        0x4 ./Core/Src/global.o
                0x00000000200000f0                statusMode
 .bss.toggle    0x00000000200000f4        0x4 ./Core/Src/global.o
                0x00000000200000f4                toggle
 .bss.countDown1
                0x00000000200000f8        0x4 ./Core/Src/global.o
                0x00000000200000f8                countDown1
 .bss.countDown2
                0x00000000200000fc        0x4 ./Core/Src/global.o
                0x00000000200000fc                countDown2
 .bss.EN0       0x0000000020000100        0x4 ./Core/Src/global.o
                0x0000000020000100                EN0
 .bss.EN2       0x0000000020000104        0x4 ./Core/Src/global.o
                0x0000000020000104                EN2
 .bss.__sbrk_heap_end
                0x0000000020000108        0x4 ./Core/Src/sysmem.o
 .bss.__malloc_free_list
                0x000000002000010c        0x4 c:/st/stm32cubeide_1.7.0/stm32cubeide/plugins/com.st.stm32cube.ide.mcu.externaltools.gnu-tools-for-stm32.9-2020-q2-update.win32_2.0.0.202105311346/tools/bin/../lib/gcc/arm-none-eabi/9.3.1/../../../../arm-none-eabi/lib/thumb/v7-m/nofp\libc_nano.a(lib_a-nano-mallocr.o)
                0x000000002000010c                __malloc_free_list
 .bss.__malloc_sbrk_start
                0x0000000020000110        0x4 c:/st/stm32cubeide_1.7.0/stm32cubeide/plugins/com.st.stm32cube.ide.mcu.externaltools.gnu-tools-for-stm32.9-2020-q2-update.win32_2.0.0.202105311346/tools/bin/../lib/gcc/arm-none-eabi/9.3.1/../../../../arm-none-eabi/lib/thumb/v7-m/nofp\libc_nano.a(lib_a-nano-mallocr.o)
                0x0000000020000110                __malloc_sbrk_start
 *(COMMON)
 COMMON         0x0000000020000114       0x48 ./Core/Src/main.o
                0x0000000020000114                htim2
 COMMON         0x000000002000015c        0xc ./Core/Src/scheduler.o
                0x000000002000015c                ListTasks
 COMMON         0x0000000020000168       0x58 ./Core/Src/software_timer.o
                0x0000000020000168                timer_counter
                0x0000000020000194                timer_flag
 COMMON         0x00000000200001c0        0x4 ./Drivers/STM32F1xx_HAL_Driver/Src/stm32f1xx_hal.o
                0x00000000200001c0                uwTick
 COMMON         0x00000000200001c4        0x4 c:/st/stm32cubeide_1.7.0/stm32cubeide/plugins/com.st.stm32cube.ide.mcu.externaltools.gnu-tools-for-stm32.9-2020-q2-update.win32_2.0.0.202105311346/tools/bin/../lib/gcc/arm-none-eabi/9.3.1/../../../../arm-none-eabi/lib/thumb/v7-m/nofp\libc_nano.a(lib_a-reent.o)
                0x00000000200001c4                errno
 COMMON         0x00000000200001c8        0x9 c:/st/stm32cubeide_1.7.0/stm32cubeide/plugins/com.st.stm32cube.ide.mcu.externaltools.gnu-tools-for-stm32.9-2020-q2-update.win32_2.0.0.202105311346/tools/bin/../lib/gcc/arm-none-eabi/9.3.1/../../../../arm-none-eabi/lib/thumb/v7-m/nofp\libc_nano.a(lib_a-lock.o)
                0x00000000200001c8                __lock___atexit_recursive_mutex
                0x00000000200001c9                __lock___arc4random_mutex
                0x00000000200001ca                __lock___env_recursive_mutex
                0x00000000200001cb                __lock___sinit_recursive_mutex
                0x00000000200001cc                __lock___malloc_recursive_mutex
                0x00000000200001cd                __lock___at_quick_exit_mutex
                0x00000000200001ce                __lock___dd_hash_mutex
                0x00000000200001cf                __lock___tz_mutex
                0x00000000200001d0                __lock___sfp_recursive_mutex
                0x00000000200001d4                . = ALIGN (0x4)
 *fill*         0x00000000200001d1        0x3 
                0x00000000200001d4                _ebss = .
                0x00000000200001d4                __bss_end__ = _ebss

._user_heap_stack
                0x00000000200001d4      0x604 load address 0x0000000008003904
                0x00000000200001d8                . = ALIGN (0x8)
 *fill*         0x00000000200001d4        0x4 
                [!provide]                        PROVIDE (end = .)
                0x00000000200001d8                PROVIDE (_end = .)
                0x00000000200003d8                . = (. + _Min_Heap_Size)
 *fill*         0x00000000200001d8      0x200 
                0x00000000200007d8                . = (. + _Min_Stack_Size)
 *fill*         0x00000000200003d8      0x400 
                0x00000000200007d8                . = ALIGN (0x8)

/DISCARD/
 libc.a(*)
 libm.a(*)
 libgcc.a(*)

.ARM.attributes
                0x0000000000000000       0x29
 *(.ARM.attributes)
 .ARM.attributes
                0x0000000000000000       0x1d c:/st/stm32cubeide_1.7.0/stm32cubeide/plugins/com.st.stm32cube.ide.mcu.externaltools.gnu-tools-for-stm32.9-2020-q2-update.win32_2.0.0.202105311346/tools/bin/../lib/gcc/arm-none-eabi/9.3.1/thumb/v7-m/nofp/crti.o
 .ARM.attributes
                0x000000000000001d       0x2d c:/st/stm32cubeide_1.7.0/stm32cubeide/plugins/com.st.stm32cube.ide.mcu.externaltools.gnu-tools-for-stm32.9-2020-q2-update.win32_2.0.0.202105311346/tools/bin/../lib/gcc/arm-none-eabi/9.3.1/thumb/v7-m/nofp/crtbegin.o
 .ARM.attributes
                0x000000000000004a       0x2d ./Core/Src/button.o
 .ARM.attributes
                0x0000000000000077       0x2d ./Core/Src/fsm_automatic.o
 .ARM.attributes
                0x00000000000000a4       0x2d ./Core/Src/fsm_manual.o
 .ARM.attributes
                0x00000000000000d1       0x2d ./Core/Src/fsm_setting.o
 .ARM.attributes
                0x00000000000000fe       0x33 ./Core/Src/global.o
 .ARM.attributes
                0x0000000000000131       0x2d ./Core/Src/led7_segment.o
 .ARM.attributes
                0x000000000000015e       0x2d ./Core/Src/main.o
 .ARM.attributes
                0x000000000000018b       0x2d ./Core/Src/scheduler.o
 .ARM.attributes
                0x00000000000001b8       0x2d ./Core/Src/software_timer.o
 .ARM.attributes
                0x00000000000001e5       0x2d ./Core/Src/stm32f1xx_hal_msp.o
 .ARM.attributes
                0x0000000000000212       0x2d ./Core/Src/stm32f1xx_it.o
 .ARM.attributes
                0x000000000000023f       0x2d ./Core/Src/sysmem.o
 .ARM.attributes
                0x000000000000026c       0x2d ./Core/Src/system_stm32f1xx.o
 .ARM.attributes
                0x0000000000000299       0x2d ./Core/Src/traffic_light.o
 .ARM.attributes
                0x00000000000002c6       0x21 ./Core/Startup/startup_stm32f103c6ux.o
 .ARM.attributes
                0x00000000000002e7       0x2d ./Drivers/STM32F1xx_HAL_Driver/Src/stm32f1xx_hal.o
 .ARM.attributes
                0x0000000000000314       0x2d ./Drivers/STM32F1xx_HAL_Driver/Src/stm32f1xx_hal_cortex.o
 .ARM.attributes
                0x0000000000000341       0x2d ./Drivers/STM32F1xx_HAL_Driver/Src/stm32f1xx_hal_gpio.o
 .ARM.attributes
                0x000000000000036e       0x2d ./Drivers/STM32F1xx_HAL_Driver/Src/stm32f1xx_hal_rcc.o
 .ARM.attributes
                0x000000000000039b       0x2d ./Drivers/STM32F1xx_HAL_Driver/Src/stm32f1xx_hal_tim.o
 .ARM.attributes
                0x00000000000003c8       0x2d ./Drivers/STM32F1xx_HAL_Driver/Src/stm32f1xx_hal_tim_ex.o
 .ARM.attributes
                0x00000000000003f5       0x2d c:/st/stm32cubeide_1.7.0/stm32cubeide/plugins/com.st.stm32cube.ide.mcu.externaltools.gnu-tools-for-stm32.9-2020-q2-update.win32_2.0.0.202105311346/tools/bin/../lib/gcc/arm-none-eabi/9.3.1/../../../../arm-none-eabi/lib/thumb/v7-m/nofp\libc_nano.a(lib_a-errno.o)
 .ARM.attributes
                0x0000000000000422       0x2d c:/st/stm32cubeide_1.7.0/stm32cubeide/plugins/com.st.stm32cube.ide.mcu.externaltools.gnu-tools-for-stm32.9-2020-q2-update.win32_2.0.0.202105311346/tools/bin/../lib/gcc/arm-none-eabi/9.3.1/../../../../arm-none-eabi/lib/thumb/v7-m/nofp\libc_nano.a(lib_a-impure.o)
 .ARM.attributes
                0x000000000000044f       0x2d c:/st/stm32cubeide_1.7.0/stm32cubeide/plugins/com.st.stm32cube.ide.mcu.externaltools.gnu-tools-for-stm32.9-2020-q2-update.win32_2.0.0.202105311346/tools/bin/../lib/gcc/arm-none-eabi/9.3.1/../../../../arm-none-eabi/lib/thumb/v7-m/nofp\libc_nano.a(lib_a-init.o)
 .ARM.attributes
                0x000000000000047c       0x2d c:/st/stm32cubeide_1.7.0/stm32cubeide/plugins/com.st.stm32cube.ide.mcu.externaltools.gnu-tools-for-stm32.9-2020-q2-update.win32_2.0.0.202105311346/tools/bin/../lib/gcc/arm-none-eabi/9.3.1/../../../../arm-none-eabi/lib/thumb/v7-m/nofp\libc_nano.a(lib_a-malloc.o)
 .ARM.attributes
                0x00000000000004a9       0x2d c:/st/stm32cubeide_1.7.0/stm32cubeide/plugins/com.st.stm32cube.ide.mcu.externaltools.gnu-tools-for-stm32.9-2020-q2-update.win32_2.0.0.202105311346/tools/bin/../lib/gcc/arm-none-eabi/9.3.1/../../../../arm-none-eabi/lib/thumb/v7-m/nofp\libc_nano.a(lib_a-memset.o)
 .ARM.attributes
                0x00000000000004d6       0x2d c:/st/stm32cubeide_1.7.0/stm32cubeide/plugins/com.st.stm32cube.ide.mcu.externaltools.gnu-tools-for-stm32.9-2020-q2-update.win32_2.0.0.202105311346/tools/bin/../lib/gcc/arm-none-eabi/9.3.1/../../../../arm-none-eabi/lib/thumb/v7-m/nofp\libc_nano.a(lib_a-nano-freer.o)
 .ARM.attributes
                0x0000000000000503       0x2d c:/st/stm32cubeide_1.7.0/stm32cubeide/plugins/com.st.stm32cube.ide.mcu.externaltools.gnu-tools-for-stm32.9-2020-q2-update.win32_2.0.0.202105311346/tools/bin/../lib/gcc/arm-none-eabi/9.3.1/../../../../arm-none-eabi/lib/thumb/v7-m/nofp\libc_nano.a(lib_a-nano-mallocr.o)
 .ARM.attributes
                0x0000000000000530       0x2d c:/st/stm32cubeide_1.7.0/stm32cubeide/plugins/com.st.stm32cube.ide.mcu.externaltools.gnu-tools-for-stm32.9-2020-q2-update.win32_2.0.0.202105311346/tools/bin/../lib/gcc/arm-none-eabi/9.3.1/../../../../arm-none-eabi/lib/thumb/v7-m/nofp\libc_nano.a(lib_a-sbrkr.o)
 .ARM.attributes
                0x000000000000055d       0x2d c:/st/stm32cubeide_1.7.0/stm32cubeide/plugins/com.st.stm32cube.ide.mcu.externaltools.gnu-tools-for-stm32.9-2020-q2-update.win32_2.0.0.202105311346/tools/bin/../lib/gcc/arm-none-eabi/9.3.1/../../../../arm-none-eabi/lib/thumb/v7-m/nofp\libc_nano.a(lib_a-mlock.o)
 .ARM.attributes
                0x000000000000058a       0x2d c:/st/stm32cubeide_1.7.0/stm32cubeide/plugins/com.st.stm32cube.ide.mcu.externaltools.gnu-tools-for-stm32.9-2020-q2-update.win32_2.0.0.202105311346/tools/bin/../lib/gcc/arm-none-eabi/9.3.1/../../../../arm-none-eabi/lib/thumb/v7-m/nofp\libc_nano.a(lib_a-reent.o)
 .ARM.attributes
                0x00000000000005b7       0x2d c:/st/stm32cubeide_1.7.0/stm32cubeide/plugins/com.st.stm32cube.ide.mcu.externaltools.gnu-tools-for-stm32.9-2020-q2-update.win32_2.0.0.202105311346/tools/bin/../lib/gcc/arm-none-eabi/9.3.1/../../../../arm-none-eabi/lib/thumb/v7-m/nofp\libc_nano.a(lib_a-lock.o)
 .ARM.attributes
                0x00000000000005e4       0x1d c:/st/stm32cubeide_1.7.0/stm32cubeide/plugins/com.st.stm32cube.ide.mcu.externaltools.gnu-tools-for-stm32.9-2020-q2-update.win32_2.0.0.202105311346/tools/bin/../lib/gcc/arm-none-eabi/9.3.1/thumb/v7-m/nofp/crtn.o
OUTPUT(STM32_LAB4_v0.elf elf32-littlearm)
LOAD linker stubs
LOAD c:/st/stm32cubeide_1.7.0/stm32cubeide/plugins/com.st.stm32cube.ide.mcu.externaltools.gnu-tools-for-stm32.9-2020-q2-update.win32_2.0.0.202105311346/tools/bin/../lib/gcc/arm-none-eabi/9.3.1/../../../../arm-none-eabi/lib/thumb/v7-m/nofp\libc.a
LOAD c:/st/stm32cubeide_1.7.0/stm32cubeide/plugins/com.st.stm32cube.ide.mcu.externaltools.gnu-tools-for-stm32.9-2020-q2-update.win32_2.0.0.202105311346/tools/bin/../lib/gcc/arm-none-eabi/9.3.1/../../../../arm-none-eabi/lib/thumb/v7-m/nofp\libm.a
LOAD c:/st/stm32cubeide_1.7.0/stm32cubeide/plugins/com.st.stm32cube.ide.mcu.externaltools.gnu-tools-for-stm32.9-2020-q2-update.win32_2.0.0.202105311346/tools/bin/../lib/gcc/arm-none-eabi/9.3.1/thumb/v7-m/nofp\libgcc.a

.debug_info     0x0000000000000000    0x10d6b
 .debug_info    0x0000000000000000      0xcec ./Core/Src/button.o
 .debug_info    0x0000000000000cec      0xb2e ./Core/Src/fsm_automatic.o
 .debug_info    0x000000000000181a      0xb1c ./Core/Src/fsm_manual.o
 .debug_info    0x0000000000002336      0xbc0 ./Core/Src/fsm_setting.o
 .debug_info    0x0000000000002ef6      0xbe2 ./Core/Src/global.o
 .debug_info    0x0000000000003ad8      0xce7 ./Core/Src/led7_segment.o
 .debug_info    0x00000000000047bf     0x151e ./Core/Src/main.o
 .debug_info    0x0000000000005cdd      0xcf3 ./Core/Src/scheduler.o
 .debug_info    0x00000000000069d0       0xf9 ./Core/Src/software_timer.o
 .debug_info    0x0000000000006ac9     0x1391 ./Core/Src/stm32f1xx_hal_msp.o
 .debug_info    0x0000000000007e5a     0x1141 ./Core/Src/stm32f1xx_it.o
 .debug_info    0x0000000000008f9b      0xa25 ./Core/Src/sysmem.o
 .debug_info    0x00000000000099c0      0x2be ./Core/Src/system_stm32f1xx.o
 .debug_info    0x0000000000009c7e      0xc7c ./Core/Src/traffic_light.o
 .debug_info    0x000000000000a8fa       0x22 ./Core/Startup/startup_stm32f103c6ux.o
 .debug_info    0x000000000000a91c      0x74c ./Drivers/STM32F1xx_HAL_Driver/Src/stm32f1xx_hal.o
 .debug_info    0x000000000000b068      0xbbe ./Drivers/STM32F1xx_HAL_Driver/Src/stm32f1xx_hal_cortex.o
 .debug_info    0x000000000000bc26      0x701 ./Drivers/STM32F1xx_HAL_Driver/Src/stm32f1xx_hal_gpio.o
 .debug_info    0x000000000000c327      0x893 ./Drivers/STM32F1xx_HAL_Driver/Src/stm32f1xx_hal_rcc.o
 .debug_info    0x000000000000cbba     0x2c32 ./Drivers/STM32F1xx_HAL_Driver/Src/stm32f1xx_hal_tim.o
 .debug_info    0x000000000000f7ec     0x157f ./Drivers/STM32F1xx_HAL_Driver/Src/stm32f1xx_hal_tim_ex.o

.debug_abbrev   0x0000000000000000     0x2990
 .debug_abbrev  0x0000000000000000      0x276 ./Core/Src/button.o
 .debug_abbrev  0x0000000000000276      0x1c8 ./Core/Src/fsm_automatic.o
 .debug_abbrev  0x000000000000043e      0x1c8 ./Core/Src/fsm_manual.o
 .debug_abbrev  0x0000000000000606      0x1d7 ./Core/Src/fsm_setting.o
 .debug_abbrev  0x00000000000007dd      0x1bb ./Core/Src/global.o
 .debug_abbrev  0x0000000000000998      0x254 ./Core/Src/led7_segment.o
 .debug_abbrev  0x0000000000000bec      0x2c7 ./Core/Src/main.o
 .debug_abbrev  0x0000000000000eb3      0x25d ./Core/Src/scheduler.o
 .debug_abbrev  0x0000000000001110       0xef ./Core/Src/software_timer.o
 .debug_abbrev  0x00000000000011ff      0x247 ./Core/Src/stm32f1xx_hal_msp.o
 .debug_abbrev  0x0000000000001446      0x206 ./Core/Src/stm32f1xx_it.o
 .debug_abbrev  0x000000000000164c      0x1bf ./Core/Src/sysmem.o
 .debug_abbrev  0x000000000000180b      0x14e ./Core/Src/system_stm32f1xx.o
 .debug_abbrev  0x0000000000001959      0x206 ./Core/Src/traffic_light.o
 .debug_abbrev  0x0000000000001b5f       0x12 ./Core/Startup/startup_stm32f103c6ux.o
 .debug_abbrev  0x0000000000001b71      0x1ed ./Drivers/STM32F1xx_HAL_Driver/Src/stm32f1xx_hal.o
 .debug_abbrev  0x0000000000001d5e      0x313 ./Drivers/STM32F1xx_HAL_Driver/Src/stm32f1xx_hal_cortex.o
 .debug_abbrev  0x0000000000002071      0x1e8 ./Drivers/STM32F1xx_HAL_Driver/Src/stm32f1xx_hal_gpio.o
 .debug_abbrev  0x0000000000002259      0x273 ./Drivers/STM32F1xx_HAL_Driver/Src/stm32f1xx_hal_rcc.o
 .debug_abbrev  0x00000000000024cc      0x25e ./Drivers/STM32F1xx_HAL_Driver/Src/stm32f1xx_hal_tim.o
 .debug_abbrev  0x000000000000272a      0x266 ./Drivers/STM32F1xx_HAL_Driver/Src/stm32f1xx_hal_tim_ex.o

.debug_aranges  0x0000000000000000      0xb30
 .debug_aranges
                0x0000000000000000       0x38 ./Core/Src/button.o
 .debug_aranges
                0x0000000000000038       0x28 ./Core/Src/fsm_automatic.o
 .debug_aranges
                0x0000000000000060       0x20 ./Core/Src/fsm_manual.o
 .debug_aranges
                0x0000000000000080       0x28 ./Core/Src/fsm_setting.o
 .debug_aranges
                0x00000000000000a8       0x18 ./Core/Src/global.o
 .debug_aranges
                0x00000000000000c0       0x68 ./Core/Src/led7_segment.o
 .debug_aranges
                0x0000000000000128       0x48 ./Core/Src/main.o
 .debug_aranges
                0x0000000000000170       0x40 ./Core/Src/scheduler.o
 .debug_aranges
                0x00000000000001b0       0x30 ./Core/Src/software_timer.o
 .debug_aranges
                0x00000000000001e0       0x30 ./Core/Src/stm32f1xx_hal_msp.o
 .debug_aranges
                0x0000000000000210       0x68 ./Core/Src/stm32f1xx_it.o
 .debug_aranges
                0x0000000000000278       0x20 ./Core/Src/sysmem.o
 .debug_aranges
                0x0000000000000298       0x28 ./Core/Src/system_stm32f1xx.o
 .debug_aranges
                0x00000000000002c0       0x48 ./Core/Src/traffic_light.o
 .debug_aranges
                0x0000000000000308       0x28 ./Core/Startup/startup_stm32f103c6ux.o
 .debug_aranges
                0x0000000000000330       0xe0 ./Drivers/STM32F1xx_HAL_Driver/Src/stm32f1xx_hal.o
 .debug_aranges
                0x0000000000000410      0x100 ./Drivers/STM32F1xx_HAL_Driver/Src/stm32f1xx_hal_cortex.o
 .debug_aranges
                0x0000000000000510       0x58 ./Drivers/STM32F1xx_HAL_Driver/Src/stm32f1xx_hal_gpio.o
 .debug_aranges
                0x0000000000000568       0x90 ./Drivers/STM32F1xx_HAL_Driver/Src/stm32f1xx_hal_rcc.o
 .debug_aranges
                0x00000000000005f8      0x3d0 ./Drivers/STM32F1xx_HAL_Driver/Src/stm32f1xx_hal_tim.o
 .debug_aranges
                0x00000000000009c8      0x168 ./Drivers/STM32F1xx_HAL_Driver/Src/stm32f1xx_hal_tim_ex.o

.debug_ranges   0x0000000000000000      0x9e0
 .debug_ranges  0x0000000000000000       0x28 ./Core/Src/button.o
 .debug_ranges  0x0000000000000028       0x18 ./Core/Src/fsm_automatic.o
 .debug_ranges  0x0000000000000040       0x10 ./Core/Src/fsm_manual.o
 .debug_ranges  0x0000000000000050       0x18 ./Core/Src/fsm_setting.o
 .debug_ranges  0x0000000000000068       0x58 ./Core/Src/led7_segment.o
 .debug_ranges  0x00000000000000c0       0x38 ./Core/Src/main.o
 .debug_ranges  0x00000000000000f8       0x30 ./Core/Src/scheduler.o
 .debug_ranges  0x0000000000000128       0x20 ./Core/Src/software_timer.o
 .debug_ranges  0x0000000000000148       0x20 ./Core/Src/stm32f1xx_hal_msp.o
 .debug_ranges  0x0000000000000168       0x58 ./Core/Src/stm32f1xx_it.o
 .debug_ranges  0x00000000000001c0       0x10 ./Core/Src/sysmem.o
 .debug_ranges  0x00000000000001d0       0x18 ./Core/Src/system_stm32f1xx.o
 .debug_ranges  0x00000000000001e8       0x38 ./Core/Src/traffic_light.o
 .debug_ranges  0x0000000000000220       0x20 ./Core/Startup/startup_stm32f103c6ux.o
 .debug_ranges  0x0000000000000240       0xd0 ./Drivers/STM32F1xx_HAL_Driver/Src/stm32f1xx_hal.o
 .debug_ranges  0x0000000000000310       0xf0 ./Drivers/STM32F1xx_HAL_Driver/Src/stm32f1xx_hal_cortex.o
 .debug_ranges  0x0000000000000400       0x48 ./Drivers/STM32F1xx_HAL_Driver/Src/stm32f1xx_hal_gpio.o
 .debug_ranges  0x0000000000000448       0x80 ./Drivers/STM32F1xx_HAL_Driver/Src/stm32f1xx_hal_rcc.o
 .debug_ranges  0x00000000000004c8      0x3c0 ./Drivers/STM32F1xx_HAL_Driver/Src/stm32f1xx_hal_tim.o
 .debug_ranges  0x0000000000000888      0x158 ./Drivers/STM32F1xx_HAL_Driver/Src/stm32f1xx_hal_tim_ex.o

.debug_macro    0x0000000000000000    0x19d3e
 .debug_macro   0x0000000000000000      0x3b7 ./Core/Src/button.o
 .debug_macro   0x00000000000003b7      0xa9c ./Core/Src/button.o
 .debug_macro   0x0000000000000e53       0x10 ./Core/Src/button.o
 .debug_macro   0x0000000000000e63      0x215 ./Core/Src/button.o
 .debug_macro   0x0000000000001078       0x2e ./Core/Src/button.o
 .debug_macro   0x00000000000010a6       0x22 ./Core/Src/button.o
 .debug_macro   0x00000000000010c8       0x22 ./Core/Src/button.o
 .debug_macro   0x00000000000010ea       0x8e ./Core/Src/button.o
 .debug_macro   0x0000000000001178       0x51 ./Core/Src/button.o
 .debug_macro   0x00000000000011c9      0x103 ./Core/Src/button.o
 .debug_macro   0x00000000000012cc       0x6a ./Core/Src/button.o
 .debug_macro   0x0000000000001336      0x1df ./Core/Src/button.o
 .debug_macro   0x0000000000001515       0x1c ./Core/Src/button.o
 .debug_macro   0x0000000000001531       0x22 ./Core/Src/button.o
 .debug_macro   0x0000000000001553       0xc3 ./Core/Src/button.o
 .debug_macro   0x0000000000001616      0xd23 ./Core/Src/button.o
 .debug_macro   0x0000000000002339     0xde75 ./Core/Src/button.o
 .debug_macro   0x00000000000101ae       0x6d ./Core/Src/button.o
 .debug_macro   0x000000000001021b     0x34a2 ./Core/Src/button.o
 .debug_macro   0x00000000000136bd      0x174 ./Core/Src/button.o
 .debug_macro   0x0000000000013831       0x5c ./Core/Src/button.o
 .debug_macro   0x000000000001388d      0x5bc ./Core/Src/button.o
 .debug_macro   0x0000000000013e49      0x1b7 ./Core/Src/button.o
 .debug_macro   0x0000000000014000      0x1cb ./Core/Src/button.o
 .debug_macro   0x00000000000141cb      0x114 ./Core/Src/button.o
 .debug_macro   0x00000000000142df      0x1b2 ./Core/Src/button.o
 .debug_macro   0x0000000000014491       0x27 ./Core/Src/button.o
 .debug_macro   0x00000000000144b8      0x12f ./Core/Src/button.o
 .debug_macro   0x00000000000145e7      0x1bc ./Core/Src/button.o
 .debug_macro   0x00000000000147a3       0x34 ./Core/Src/button.o
 .debug_macro   0x00000000000147d7       0x3c ./Core/Src/button.o
 .debug_macro   0x0000000000014813       0x57 ./Core/Src/button.o
 .debug_macro   0x000000000001486a       0x87 ./Core/Src/button.o
 .debug_macro   0x00000000000148f1      0x183 ./Core/Src/button.o
 .debug_macro   0x0000000000014a74      0x140 ./Core/Src/button.o
 .debug_macro   0x0000000000014bb4      0x8ed ./Core/Src/button.o
 .debug_macro   0x00000000000154a1       0x69 ./Core/Src/button.o
 .debug_macro   0x000000000001550a       0x52 ./Core/Src/button.o
 .debug_macro   0x000000000001555c       0x18 ./Core/Src/button.o
 .debug_macro   0x0000000000015574       0x3c ./Core/Src/button.o
 .debug_macro   0x00000000000155b0       0x34 ./Core/Src/button.o
 .debug_macro   0x00000000000155e4       0x16 ./Core/Src/button.o
 .debug_macro   0x00000000000155fa       0x35 ./Core/Src/button.o
 .debug_macro   0x000000000001562f      0x333 ./Core/Src/button.o
 .debug_macro   0x0000000000015962       0x10 ./Core/Src/button.o
 .debug_macro   0x0000000000015972       0x16 ./Core/Src/button.o
 .debug_macro   0x0000000000015988       0x43 ./Core/Src/button.o
 .debug_macro   0x00000000000159cb       0x34 ./Core/Src/button.o
 .debug_macro   0x00000000000159ff       0x10 ./Core/Src/button.o
 .debug_macro   0x0000000000015a0f       0x58 ./Core/Src/button.o
 .debug_macro   0x0000000000015a67       0x71 ./Core/Src/button.o
 .debug_macro   0x0000000000015ad8       0x1c ./Core/Src/button.o
 .debug_macro   0x0000000000015af4      0x12a ./Core/Src/button.o
 .debug_macro   0x0000000000015c1e       0x10 ./Core/Src/button.o
 .debug_macro   0x0000000000015c2e       0x1c ./Core/Src/button.o
 .debug_macro   0x0000000000015c4a       0x52 ./Core/Src/button.o
 .debug_macro   0x0000000000015c9c       0x22 ./Core/Src/button.o
 .debug_macro   0x0000000000015cbe       0x10 ./Core/Src/button.o
 .debug_macro   0x0000000000015cce       0x40 ./Core/Src/button.o
 .debug_macro   0x0000000000015d0e       0xd5 ./Core/Src/button.o
 .debug_macro   0x0000000000015de3       0x1c ./Core/Src/button.o
 .debug_macro   0x0000000000015dff       0x3d ./Core/Src/button.o
 .debug_macro   0x0000000000015e3c       0x16 ./Core/Src/button.o
 .debug_macro   0x0000000000015e52      0x145 ./Core/Src/button.o
 .debug_macro   0x0000000000015f97       0x16 ./Core/Src/button.o
 .debug_macro   0x0000000000015fad       0x16 ./Core/Src/button.o
 .debug_macro   0x0000000000015fc3       0x29 ./Core/Src/button.o
 .debug_macro   0x0000000000015fec       0x10 ./Core/Src/button.o
 .debug_macro   0x0000000000015ffc       0x70 ./Core/Src/button.o
 .debug_macro   0x000000000001606c      0x16c ./Core/Src/button.o
 .debug_macro   0x00000000000161d8       0x2e ./Core/Src/button.o
 .debug_macro   0x0000000000016206      0x3b3 ./Core/Src/fsm_automatic.o
 .debug_macro   0x00000000000165b9      0x3b3 ./Core/Src/fsm_manual.o
 .debug_macro   0x000000000001696c      0x3b3 ./Core/Src/fsm_setting.o
 .debug_macro   0x0000000000016d1f      0x3af ./Core/Src/global.o
 .debug_macro   0x00000000000170ce      0x3b7 ./Core/Src/led7_segment.o
 .debug_macro   0x0000000000017485      0x3b3 ./Core/Src/main.o
 .debug_macro   0x0000000000017838      0x3b1 ./Core/Src/scheduler.o
 .debug_macro   0x0000000000017be9       0x4c ./Core/Src/scheduler.o
 .debug_macro   0x0000000000017c35       0x94 ./Core/Src/scheduler.o
 .debug_macro   0x0000000000017cc9       0x57 ./Core/Src/scheduler.o
 .debug_macro   0x0000000000017d20       0x97 ./Core/Src/scheduler.o
 .debug_macro   0x0000000000017db7      0x339 ./Core/Src/scheduler.o
 .debug_macro   0x00000000000180f0       0xfd ./Core/Src/scheduler.o
 .debug_macro   0x00000000000181ed       0xbd ./Core/Src/scheduler.o
 .debug_macro   0x00000000000182aa       0x56 ./Core/Src/scheduler.o
 .debug_macro   0x0000000000018300       0x1a ./Core/Src/software_timer.o
 .debug_macro   0x000000000001831a      0x3b3 ./Core/Src/stm32f1xx_hal_msp.o
 .debug_macro   0x00000000000186cd      0x3bd ./Core/Src/stm32f1xx_it.o
 .debug_macro   0x0000000000018a8a       0xff ./Core/Src/sysmem.o
 .debug_macro   0x0000000000018b89      0x23b ./Core/Src/sysmem.o
 .debug_macro   0x0000000000018dc4      0x197 ./Core/Src/system_stm32f1xx.o
 .debug_macro   0x0000000000018f5b      0x3b7 ./Core/Src/traffic_light.o
 .debug_macro   0x0000000000019312      0x1bb ./Drivers/STM32F1xx_HAL_Driver/Src/stm32f1xx_hal.o
 .debug_macro   0x00000000000194cd      0x197 ./Drivers/STM32F1xx_HAL_Driver/Src/stm32f1xx_hal_cortex.o
 .debug_macro   0x0000000000019664      0x202 ./Drivers/STM32F1xx_HAL_Driver/Src/stm32f1xx_hal_gpio.o
 .debug_macro   0x0000000000019866      0x1a9 ./Drivers/STM32F1xx_HAL_Driver/Src/stm32f1xx_hal_rcc.o
 .debug_macro   0x0000000000019a0f      0x198 ./Drivers/STM32F1xx_HAL_Driver/Src/stm32f1xx_hal_tim.o
 .debug_macro   0x0000000000019ba7      0x197 ./Drivers/STM32F1xx_HAL_Driver/Src/stm32f1xx_hal_tim_ex.o

.debug_line     0x0000000000000000     0xf056
 .debug_line    0x0000000000000000      0x9cd ./Core/Src/button.o
 .debug_line    0x00000000000009cd      0x9cf ./Core/Src/fsm_automatic.o
 .debug_line    0x000000000000139c      0xa4f ./Core/Src/fsm_manual.o
 .debug_line    0x0000000000001deb      0x926 ./Core/Src/fsm_setting.o
 .debug_line    0x0000000000002711      0x8e7 ./Core/Src/global.o
 .debug_line    0x0000000000002ff8      0xb37 ./Core/Src/led7_segment.o
 .debug_line    0x0000000000003b2f      0xa24 ./Core/Src/main.o
 .debug_line    0x0000000000004553      0xaf1 ./Core/Src/scheduler.o
 .debug_line    0x0000000000005044       0xcf ./Core/Src/software_timer.o
 .debug_line    0x0000000000005113      0x947 ./Core/Src/stm32f1xx_hal_msp.o
 .debug_line    0x0000000000005a5a      0x9e5 ./Core/Src/stm32f1xx_it.o
 .debug_line    0x000000000000643f      0x4f8 ./Core/Src/sysmem.o
 .debug_line    0x0000000000006937      0x6e3 ./Core/Src/system_stm32f1xx.o
 .debug_line    0x000000000000701a      0x978 ./Core/Src/traffic_light.o
 .debug_line    0x0000000000007992       0x86 ./Core/Startup/startup_stm32f103c6ux.o
 .debug_line    0x0000000000007a18      0x910 ./Drivers/STM32F1xx_HAL_Driver/Src/stm32f1xx_hal.o
 .debug_line    0x0000000000008328      0xaf8 ./Drivers/STM32F1xx_HAL_Driver/Src/stm32f1xx_hal_cortex.o
 .debug_line    0x0000000000008e20      0x993 ./Drivers/STM32F1xx_HAL_Driver/Src/stm32f1xx_hal_gpio.o
 .debug_line    0x00000000000097b3      0xd1c ./Drivers/STM32F1xx_HAL_Driver/Src/stm32f1xx_hal_rcc.o
 .debug_line    0x000000000000a4cf     0x3361 ./Drivers/STM32F1xx_HAL_Driver/Src/stm32f1xx_hal_tim.o
 .debug_line    0x000000000000d830     0x1826 ./Drivers/STM32F1xx_HAL_Driver/Src/stm32f1xx_hal_tim_ex.o

.debug_str      0x0000000000000000    0x86df1
 .debug_str     0x0000000000000000    0x83d0d ./Core/Src/button.o
                                      0x84132 (size before relaxing)
 .debug_str     0x0000000000083d0d       0x42 ./Core/Src/fsm_automatic.o
                                      0x8409f (size before relaxing)
 .debug_str     0x0000000000083d4f       0x28 ./Core/Src/fsm_manual.o
                                      0x84085 (size before relaxing)
 .debug_str     0x0000000000083d77       0x29 ./Core/Src/fsm_setting.o
                                      0x840b1 (size before relaxing)
 .debug_str     0x0000000000083da0       0x15 ./Core/Src/global.o
                                      0x84072 (size before relaxing)
 .debug_str     0x0000000000083db5       0xad ./Core/Src/led7_segment.o
                                      0x8413b (size before relaxing)
 .debug_str     0x0000000000083e62      0x6df ./Core/Src/main.o
                                      0x84833 (size before relaxing)
 .debug_str     0x0000000000084541       0xde ./Core/Src/scheduler.o
                                      0x84149 (size before relaxing)
 .debug_str     0x000000000008461f       0x4f ./Core/Src/software_timer.o
                                       0x2dd9 (size before relaxing)
 .debug_str     0x000000000008466e      0x2ba ./Core/Src/stm32f1xx_hal_msp.o
                                      0x84882 (size before relaxing)
 .debug_str     0x0000000000084928       0xcd ./Core/Src/stm32f1xx_it.o
                                      0x845e4 (size before relaxing)
 .debug_str     0x00000000000849f5      0x4e9 ./Core/Src/sysmem.o
                                       0x6248 (size before relaxing)
 .debug_str     0x0000000000084ede       0x52 ./Core/Src/system_stm32f1xx.o
                                      0x7f768 (size before relaxing)
 .debug_str     0x0000000000084f30       0x56 ./Core/Src/traffic_light.o
                                      0x840e5 (size before relaxing)
 .debug_str     0x0000000000084f86       0x36 ./Core/Startup/startup_stm32f103c6ux.o
                                         0x5c (size before relaxing)
 .debug_str     0x0000000000084fbc      0x304 ./Drivers/STM32F1xx_HAL_Driver/Src/stm32f1xx_hal.o
                                      0x7fdbf (size before relaxing)
 .debug_str     0x00000000000852c0      0x300 ./Drivers/STM32F1xx_HAL_Driver/Src/stm32f1xx_hal_cortex.o
                                      0x7fdc7 (size before relaxing)
 .debug_str     0x00000000000855c0      0x316 ./Drivers/STM32F1xx_HAL_Driver/Src/stm32f1xx_hal_gpio.o
                                      0x7fb2c (size before relaxing)
 .debug_str     0x00000000000858d6      0x24f ./Drivers/STM32F1xx_HAL_Driver/Src/stm32f1xx_hal_rcc.o
                                      0x7fb65 (size before relaxing)
 .debug_str     0x0000000000085b25      0xdde ./Drivers/STM32F1xx_HAL_Driver/Src/stm32f1xx_hal_tim.o
                                      0x80b4e (size before relaxing)
 .debug_str     0x0000000000086903      0x4ee ./Drivers/STM32F1xx_HAL_Driver/Src/stm32f1xx_hal_tim_ex.o
                                      0x802ef (size before relaxing)

.comment        0x0000000000000000       0x53
 .comment       0x0000000000000000       0x53 ./Core/Src/button.o
                                         0x54 (size before relaxing)
 .comment       0x0000000000000053       0x54 ./Core/Src/fsm_automatic.o
 .comment       0x0000000000000053       0x54 ./Core/Src/fsm_manual.o
 .comment       0x0000000000000053       0x54 ./Core/Src/fsm_setting.o
 .comment       0x0000000000000053       0x54 ./Core/Src/global.o
 .comment       0x0000000000000053       0x54 ./Core/Src/led7_segment.o
 .comment       0x0000000000000053       0x54 ./Core/Src/main.o
 .comment       0x0000000000000053       0x54 ./Core/Src/scheduler.o
 .comment       0x0000000000000053       0x54 ./Core/Src/software_timer.o
 .comment       0x0000000000000053       0x54 ./Core/Src/stm32f1xx_hal_msp.o
 .comment       0x0000000000000053       0x54 ./Core/Src/stm32f1xx_it.o
 .comment       0x0000000000000053       0x54 ./Core/Src/sysmem.o
 .comment       0x0000000000000053       0x54 ./Core/Src/system_stm32f1xx.o
 .comment       0x0000000000000053       0x54 ./Core/Src/traffic_light.o
 .comment       0x0000000000000053       0x54 ./Drivers/STM32F1xx_HAL_Driver/Src/stm32f1xx_hal.o
 .comment       0x0000000000000053       0x54 ./Drivers/STM32F1xx_HAL_Driver/Src/stm32f1xx_hal_cortex.o
 .comment       0x0000000000000053       0x54 ./Drivers/STM32F1xx_HAL_Driver/Src/stm32f1xx_hal_gpio.o
 .comment       0x0000000000000053       0x54 ./Drivers/STM32F1xx_HAL_Driver/Src/stm32f1xx_hal_rcc.o
 .comment       0x0000000000000053       0x54 ./Drivers/STM32F1xx_HAL_Driver/Src/stm32f1xx_hal_tim.o
 .comment       0x0000000000000053       0x54 ./Drivers/STM32F1xx_HAL_Driver/Src/stm32f1xx_hal_tim_ex.o

.debug_frame    0x0000000000000000     0x2cfc
 .debug_frame   0x0000000000000000       0xa4 ./Core/Src/button.o
 .debug_frame   0x00000000000000a4       0x48 ./Core/Src/fsm_automatic.o
 .debug_frame   0x00000000000000ec       0x2c ./Core/Src/fsm_manual.o
 .debug_frame   0x0000000000000118       0x48 ./Core/Src/fsm_setting.o
 .debug_frame   0x0000000000000160      0x168 ./Core/Src/led7_segment.o
 .debug_frame   0x00000000000002c8       0xd4 ./Core/Src/main.o
 .debug_frame   0x000000000000039c       0xb0 ./Core/Src/scheduler.o
 .debug_frame   0x000000000000044c       0x84 ./Core/Src/software_timer.o
 .debug_frame   0x00000000000004d0       0x80 ./Core/Src/stm32f1xx_hal_msp.o
 .debug_frame   0x0000000000000550      0x120 ./Core/Src/stm32f1xx_it.o
 .debug_frame   0x0000000000000670       0x34 ./Core/Src/sysmem.o
 .debug_frame   0x00000000000006a4       0x58 ./Core/Src/system_stm32f1xx.o
 .debug_frame   0x00000000000006fc       0xe8 ./Core/Src/traffic_light.o
 .debug_frame   0x00000000000007e4      0x334 ./Drivers/STM32F1xx_HAL_Driver/Src/stm32f1xx_hal.o
 .debug_frame   0x0000000000000b18      0x428 ./Drivers/STM32F1xx_HAL_Driver/Src/stm32f1xx_hal_cortex.o
 .debug_frame   0x0000000000000f40      0x14c ./Drivers/STM32F1xx_HAL_Driver/Src/stm32f1xx_hal_gpio.o
 .debug_frame   0x000000000000108c      0x218 ./Drivers/STM32F1xx_HAL_Driver/Src/stm32f1xx_hal_rcc.o
 .debug_frame   0x00000000000012a4     0x11b4 ./Drivers/STM32F1xx_HAL_Driver/Src/stm32f1xx_hal_tim.o
 .debug_frame   0x0000000000002458      0x638 ./Drivers/STM32F1xx_HAL_Driver/Src/stm32f1xx_hal_tim_ex.o
 .debug_frame   0x0000000000002a90       0x20 c:/st/stm32cubeide_1.7.0/stm32cubeide/plugins/com.st.stm32cube.ide.mcu.externaltools.gnu-tools-for-stm32.9-2020-q2-update.win32_2.0.0.202105311346/tools/bin/../lib/gcc/arm-none-eabi/9.3.1/../../../../arm-none-eabi/lib/thumb/v7-m/nofp\libc_nano.a(lib_a-errno.o)
 .debug_frame   0x0000000000002ab0       0x2c c:/st/stm32cubeide_1.7.0/stm32cubeide/plugins/com.st.stm32cube.ide.mcu.externaltools.gnu-tools-for-stm32.9-2020-q2-update.win32_2.0.0.202105311346/tools/bin/../lib/gcc/arm-none-eabi/9.3.1/../../../../arm-none-eabi/lib/thumb/v7-m/nofp\libc_nano.a(lib_a-init.o)
 .debug_frame   0x0000000000002adc       0x30 c:/st/stm32cubeide_1.7.0/stm32cubeide/plugins/com.st.stm32cube.ide.mcu.externaltools.gnu-tools-for-stm32.9-2020-q2-update.win32_2.0.0.202105311346/tools/bin/../lib/gcc/arm-none-eabi/9.3.1/../../../../arm-none-eabi/lib/thumb/v7-m/nofp\libc_nano.a(lib_a-malloc.o)
 .debug_frame   0x0000000000002b0c       0x20 c:/st/stm32cubeide_1.7.0/stm32cubeide/plugins/com.st.stm32cube.ide.mcu.externaltools.gnu-tools-for-stm32.9-2020-q2-update.win32_2.0.0.202105311346/tools/bin/../lib/gcc/arm-none-eabi/9.3.1/../../../../arm-none-eabi/lib/thumb/v7-m/nofp\libc_nano.a(lib_a-memset.o)
 .debug_frame   0x0000000000002b2c       0x38 c:/st/stm32cubeide_1.7.0/stm32cubeide/plugins/com.st.stm32cube.ide.mcu.externaltools.gnu-tools-for-stm32.9-2020-q2-update.win32_2.0.0.202105311346/tools/bin/../lib/gcc/arm-none-eabi/9.3.1/../../../../arm-none-eabi/lib/thumb/v7-m/nofp\libc_nano.a(lib_a-nano-freer.o)
 .debug_frame   0x0000000000002b64       0x30 c:/st/stm32cubeide_1.7.0/stm32cubeide/plugins/com.st.stm32cube.ide.mcu.externaltools.gnu-tools-for-stm32.9-2020-q2-update.win32_2.0.0.202105311346/tools/bin/../lib/gcc/arm-none-eabi/9.3.1/../../../../arm-none-eabi/lib/thumb/v7-m/nofp\libc_nano.a(lib_a-nano-mallocr.o)
 .debug_frame   0x0000000000002b94       0x2c c:/st/stm32cubeide_1.7.0/stm32cubeide/plugins/com.st.stm32cube.ide.mcu.externaltools.gnu-tools-for-stm32.9-2020-q2-update.win32_2.0.0.202105311346/tools/bin/../lib/gcc/arm-none-eabi/9.3.1/../../../../arm-none-eabi/lib/thumb/v7-m/nofp\libc_nano.a(lib_a-sbrkr.o)
 .debug_frame   0x0000000000002bc0       0x30 c:/st/stm32cubeide_1.7.0/stm32cubeide/plugins/com.st.stm32cube.ide.mcu.externaltools.gnu-tools-for-stm32.9-2020-q2-update.win32_2.0.0.202105311346/tools/bin/../lib/gcc/arm-none-eabi/9.3.1/../../../../arm-none-eabi/lib/thumb/v7-m/nofp\libc_nano.a(lib_a-mlock.o)
 .debug_frame   0x0000000000002bf0       0x5c c:/st/stm32cubeide_1.7.0/stm32cubeide/plugins/com.st.stm32cube.ide.mcu.externaltools.gnu-tools-for-stm32.9-2020-q2-update.win32_2.0.0.202105311346/tools/bin/../lib/gcc/arm-none-eabi/9.3.1/../../../../arm-none-eabi/lib/thumb/v7-m/nofp\libc_nano.a(lib_a-reent.o)
 .debug_frame   0x0000000000002c4c       0xb0 c:/st/stm32cubeide_1.7.0/stm32cubeide/plugins/com.st.stm32cube.ide.mcu.externaltools.gnu-tools-for-stm32.9-2020-q2-update.win32_2.0.0.202105311346/tools/bin/../lib/gcc/arm-none-eabi/9.3.1/../../../../arm-none-eabi/lib/thumb/v7-m/nofp\libc_nano.a(lib_a-lock.o)
